≡ƒÜÇ Testing Microworkers API Integration

API Key: d8d376a81a...dedb8

≡ƒôï Step 1: Fetching Categories...
node : Γ¥î Error 401: {
At line:1 char:1
+ node test-mw-api.js > 
test-results.txt 2>&1; 
Get-Content test-results ...
+ ~~~~~~~~~~~~~~~~~~~~~~~~~~~
~~~~~~~~~~~~~~~~
    + CategoryInfo           
   : NotSpecified: (Γ¥î Err  
  or 401: {:String) [], Re   
 moteException
    + FullyQualifiedErrorId  
   : NativeCommandError
 
  "type": "https://ttv.microw
orkers.com/apidocs2/handle-er
rors",
  "title": "Unauthorized",
  "status": 401
}

Γ¥î Test Failed: API Error: 
401
Assertion failed: 
!(handle->flags & 
UV_HANDLE_CLOSING), file 
src\win\async.c, line 76
